{
  "messageIncomplete": false,
  "messageMatchedExpectedCommand": true,
  "messages": [
    {
      "messageType": "SettingUpdateMessage",
      "printerHardware": {},
      "printerMedia": {
        "mediaGapDetectMode": 0,
        "mediaLengthDots": 894,
      },
      "printerSettings": {},
      "printerZplSettings": {
        "actionHeadClose": "feedBlank",
        "actionPowerUp": "none",
        "markBrightness": undefined,
        "markGain": 11,
        "markMediaGain": 64,
        "markMediaThreshold": 95,
        "markThreshold": 50,
        "mediaThreshold": 96,
        "ribbonBrightness": undefined,
        "takeLabelThreshold": 66,
        "transGain": 18,
        "webThreshold": 48,
      },
    },
  ],
  "remainder": "",
}