{
  "messageIncomplete": false,
  "messageMatchedExpectedCommand": true,
  "messages": [
    {
      "messageType": "SettingUpdateMessage",
      "printerHardware": {},
      "printerMedia": {
        "mediaGapDetectMode": 1,
        "mediaLengthDots": 235,
      },
      "printerSettings": {},
      "printerZplSettings": {
        "actionHeadClose": "none",
        "actionPowerUp": "none",
        "markGain": 43,
        "markMediaThreshold": 27,
        "markThreshold": 46,
        "mediaThreshold": 46,
        "ribbonGain": 0,
        "transGain": 34,
        "webThreshold": 38,
      },
    },
  ],
  "remainder": "",
}