{
  "messageIncomplete": false,
  "messageMatchedExpectedCommand": true,
  "messages": [
    {
      "messageType": "SettingUpdateMessage",
      "printerHardware": {
        "dpi": 200,
        "firmware": "V45.11.6ZH ",
        "maxMediaDarkness": 30,
        "maxMediaLengthDots": 7917,
        "maxMediaWidthDots": 832,
        "model": "LP2844-Z",
        "speedTable": SpeedTable {
          "speedTable": Map {
            0 => 0,
            1 => 2,
            1000 => 4,
            4 => 2,
            6 => 3,
            8 => 4,
          },
        },
      },
      "printerMedia": {
        "darknessPercent": 90,
        "mediaGapDetectMode": 2,
        "mediaLengthDots": 250,
        "mediaPrintMode": 0,
        "mediaPrintOriginOffsetDots": {
          "left": 0,
          "top": 0,
        },
        "mediaWidthDots": 200,
        "printOrientation": 0,
        "speed": PrintSpeedSettings {
          "printSpeed": 4,
          "slewSpeed": 4,
        },
        "thermalPrintMode": 0,
      },
      "printerSettings": {
        "backfeedAfterTaken": "90",
      },
    },
  ],
  "remainder": "",
}