{
  "messageIncomplete": false,
  "messageMatchedExpectedCommand": true,
  "messages": [
    {
      "messageType": "SettingUpdateMessage",
      "printerHardware": {},
      "printerMedia": {
        "mediaGapDetectMode": 0,
        "mediaLengthDots": 1258,
      },
      "printerSettings": {},
      "printerZplSettings": {
        "actionHeadClose": "calibrateWebSensor",
        "actionPowerUp": "calibrateWebSensor",
        "markGain": 84,
        "markMediaThreshold": 0,
        "markThreshold": 50,
        "mediaThreshold": 87,
        "ribbonGain": 50,
        "ribbonThreshold": 75,
        "transGain": 59,
        "webThreshold": 72,
      },
    },
  ],
  "remainder": "",
}