{
  "messageIncomplete": false,
  "messageMatchedExpectedCommand": true,
  "messages": [
    {
      "messageType": "SettingUpdateMessage",
      "printerHardware": {},
      "printerMedia": {
        "mediaGapDetectMode": 0,
        "mediaLengthDots": 1020,
      },
      "printerSettings": {},
      "printerZplSettings": {
        "actionHeadClose": "calibrateWebSensor",
        "actionPowerUp": "calibrateWebSensor",
        "markGain": 81,
        "markMediaThreshold": 0,
        "markThreshold": 50,
        "mediaThreshold": 84,
        "ribbonGain": 0,
        "ribbonThreshold": 75,
        "transGain": 65,
        "webThreshold": 73,
      },
    },
  ],
  "remainder": "",
}