{
  "messageIncomplete": false,
  "messageMatchedExpectedCommand": true,
  "messages": [
    {
      "messageType": "SettingUpdateMessage",
      "printerHardware": {},
      "printerMedia": {
        "mediaGapDetectMode": 1,
        "mediaLengthDots": 212,
      },
      "printerSettings": {},
      "printerZplSettings": {
        "actionHeadClose": "feedBlank",
        "actionPowerUp": "none",
        "markBrightness": 100,
        "markGain": 17,
        "markMediaThreshold": 4,
        "markThreshold": 50,
        "mediaThreshold": 96,
        "ribbonBrightness": undefined,
        "takeLabelThreshold": 128,
        "transBrightness": 22,
        "transGain": 35,
        "webThreshold": 36,
      },
    },
  ],
  "remainder": "",
}