{
  "messageIncomplete": false,
  "messageMatchedExpectedCommand": true,
  "messages": [
    {
      "messageType": "SettingUpdateMessage",
      "printerHardware": {},
      "printerMedia": {
        "mediaGapDetectMode": 2,
        "mediaLengthDots": 2217,
      },
      "printerSettings": {},
      "printerZplSettings": {
        "actionHeadClose": "feedBlank",
        "actionPowerUp": "none",
        "markBrightness": 55,
        "markGain": 64,
        "markMediaThreshold": 4,
        "markThreshold": 70,
        "mediaThreshold": 96,
        "ribbonBrightness": undefined,
        "takeLabelThreshold": 0,
        "transBrightness": 28,
        "transGain": 40,
        "webThreshold": 53,
      },
    },
  ],
  "remainder": "",
}