{
  "messageIncomplete": false,
  "messageMatchedExpectedCommand": true,
  "messages": [
    {
      "messageType": "SettingUpdateMessage",
      "printerHardware": {},
      "printerMedia": {
        "mediaGapDetectMode": 0,
        "mediaLengthDots": 1241,
      },
      "printerSettings": {},
      "printerZplSettings": {
        "actionHeadClose": "none",
        "actionPowerUp": "none",
        "markBrightness": undefined,
        "markGain": 28,
        "markMediaGain": 27,
        "markMediaThreshold": 95,
        "markThreshold": 50,
        "mediaThreshold": 96,
        "ribbonBrightness": undefined,
        "takeLabelThreshold": 100,
        "transGain": 10,
        "webThreshold": 43,
      },
    },
  ],
  "remainder": "",
}