{
  "messageIncomplete": false,
  "messageMatchedExpectedCommand": true,
  "messages": [
    {
      "messageType": "SettingUpdateMessage",
      "printerHardware": {
        "dpi": 200,
        "firmware": "ZSP-002281B",
        "maxMediaDarkness": 30,
        "maxMediaLengthDots": 7967,
        "maxMediaWidthDots": 832,
        "model": "ZP 500 (ZPL)",
        "speedTable": SpeedTable {
          "speedTable": Map {
            0 => 0,
            1 => 2,
            1000 => 5,
            4 => 2,
            6 => 3,
            8 => 4,
            9 => 5,
          },
        },
      },
      "printerMedia": {
        "darknessPercent": 50,
        "mediaGapDetectMode": 0,
        "mediaLengthDots": 1250,
        "mediaPrintMode": 0,
        "mediaPrintOriginOffsetDots": {
          "left": 0,
          "top": 0,
        },
        "mediaWidthDots": 850,
        "printOrientation": 0,
        "speed": PrintSpeedSettings {
          "printSpeed": 6,
          "slewSpeed": 9,
        },
        "thermalPrintMode": 0,
      },
      "printerSettings": {
        "backfeedAfterTaken": "90",
      },
      "printerZplSettings": {
        "actionHeadClose": "none",
        "actionPowerUp": "none",
        "markGain": 28,
        "markMediaThreshold": 95,
        "markThreshold": 50,
        "mediaThreshold": 96,
        "ribbonGain": 40,
        "ribbonThreshold": 75,
        "transBrightness": undefined,
        "transGain": 10,
        "webThreshold": 43,
      },
    },
  ],
  "remainder": "",
}